// Jest Snapshot v1, https://goo.gl/fbAQLP

exports[`<Slider /> renders correctly 1`] = `
<div
  className="rc-slider"
  onBlur={[Function]}
  onFocus={[Function]}
  onKeyDown={[Function]}
  onMouseDown={[Function]}
  onMouseUp={[Function]}
  onTouchStart={[Function]}
  style={undefined}
>
  <div
    className="rc-slider-rail"
    style={Object {}}
  />
  <div
    className="rc-slider-track"
    style={
      Object {
        "left": "0%",
        "width": "42.857142857142854%",
      }
    }
  />
  <div
    className="rc-slider-step"
  />
  <div
    aria-disabled={false}
    aria-valuemax={2000}
    aria-valuemin={250}
    aria-valuenow={1000}
    className="rc-slider-handle"
    onBlur={[Function]}
    onKeyDown={[Function]}
    role="slider"
    style={
      Object {
        "left": "42.857142857142854%",
      }
    }
    tabIndex={0}
  />
  <div
    className="rc-slider-mark"
  />
</div>
`;
